// Jest Snapshot v1, https://goo.gl/fbAQLP

exports[`Navigation/NavigationBar Default smoke-test 1`] = `
<div style="width: 360px;">
  <div class="w-full flex justify-between">
    <div class="navigation-title-wrapper flex">
      <button>
        <img alt="back-arrow"
             src="https://kr.object.ncloudstorage.com/icons/ic-back-arrow.svg"
        >
      </button>
      <h1 class="text-2xl text-primary">
        타이틀
      </h1>
    </div>
    <button>
      <img alt="close"
           src="https://kr.object.ncloudstorage.com/icons/ic-close.svg"
      >
    </button>
  </div>
</div>
`;
