// Jest Snapshot v1, https://goo.gl/fbAQLP

exports[`Buttons/TagButton Default smoke-test 1`] = `
<button class="h-[33px] rounded-tag-button px-[10px] border border-white text-sm font-medium bg-dark-opacity text-white">
  Button
</button>
`;
